
> learnapp-temp@0.1.0 build
> next build

Ôû▓ Next.js 16.2.1 (Turbopack)
- Environments: .env.local

  Creating an optimized production build ...
Ô£ô Compiled successfully in 8.2s
  Running TypeScript ...
  Finished TypeScript in 7.6s ...
  Collecting page data using 7 workers ...
node.exe : Error: export const dynamic = "force-static"/export 
const revalidate not configured on route 
"/api/admin/manage-classes" with "output: export". See more info 
here: https://nextjs.org/docs/advanced-features/static-html-export
No C:\Program Files\nodejs\npm.ps1:29 caractere:3
+   & $NODE_EXE $NPM_CLI_JS $args
+   ~~~~~~~~~~~~~~~~~~~~~~~~~~~~~
    + CategoryInfo          : NotSpecified: (Error: export c...tic 
   -html-export:String) [], RemoteException
    + FullyQualifiedErrorId : NativeCommandError
 
    at module evaluation (C:\Users\Suporte\devprojects2\learnapp-
ai\.next\server\chunks\[root-of-the-server]__01msujt._.js:11:1844)
    at instantiateModule (C:\Users\Suporte\devprojects2\learnapp-
ai\.next\server\chunks\[turbopack]_runtime.js:853:9)
    at instantiateRuntimeModule (C:\Users\Suporte\devprojects2\tecn
olearn-ai\.next\server\chunks\[turbopack]_runtime.js:882:12)
    at getOrInstantiateRuntimeModule (C:\Users\Suporte\devprojects2
\learnapp-ai\.next\server\chunks\[turbopack]_runtime.js:895:12)
    at Object.m (C:\Users\Suporte\devprojects2\learnapp-ai\.next\
server\chunks\[turbopack]_runtime.js:898:18)
    at Object.<anonymous> (C:\Users\Suporte\devprojects2\learnapp
-ai\.next\server\app\api\admin\manage-classes\route.js:6:3)

> Build error occurred
Error: Failed to collect page data for /api/admin/manage-classes
    at ignore-listed frames {
  type: 'Error'
}
